Archive member included because of file (symbol)

c:/winavr-20100110/bin/../lib/gcc/avr/4.3.3/../../../../avr/lib/avr5\libprintf_flt.a(vfprintf_flt.o)
                              (vfprintf)
C:\Users\Matias\Desktop\FinalWorkspace\rbe3001-team5\RBELib\Release\libRBELIb.a(SetServo.o)
                              ./main.o (setServo)
C:\Users\Matias\Desktop\FinalWorkspace\rbe3001-team5\RBELib\Release\libRBELIb.a(Debug.o)
                              ./main.o (initRBELib)
c:/winavr-20100110/bin/../lib/gcc/avr/4.3.3/../../../../avr/lib/avr5\libm.a(acos.o)
                              ./motors.o (acos)
c:/winavr-20100110/bin/../lib/gcc/avr/4.3.3/../../../../avr/lib/avr5\libm.a(addsf3.o)
                              ./Accel.o (__subsf3)
c:/winavr-20100110/bin/../lib/gcc/avr/4.3.3/../../../../avr/lib/avr5\libm.a(addsf3x.o)
                              c:/winavr-20100110/bin/../lib/gcc/avr/4.3.3/../../../../avr/lib/avr5\libm.a(acos.o) (__addsf3x)
c:/winavr-20100110/bin/../lib/gcc/avr/4.3.3/../../../../avr/lib/avr5\libm.a(atan2.o)
                              ./main.o (atan2)
c:/winavr-20100110/bin/../lib/gcc/avr/4.3.3/../../../../avr/lib/avr5\libm.a(atan.o)
                              c:/winavr-20100110/bin/../lib/gcc/avr/4.3.3/../../../../avr/lib/avr5\libm.a(atan2.o) (atan)
c:/winavr-20100110/bin/../lib/gcc/avr/4.3.3/../../../../avr/lib/avr5\libm.a(cmpsf2.o)
                              ./main.o (__lesf2)
c:/winavr-20100110/bin/../lib/gcc/avr/4.3.3/../../../../avr/lib/avr5\libm.a(divsf3.o)
                              ./PID.o (__divsf3)
c:/winavr-20100110/bin/../lib/gcc/avr/4.3.3/../../../../avr/lib/avr5\libm.a(divsf3x.o)
                              c:/winavr-20100110/bin/../lib/gcc/avr/4.3.3/../../../../avr/lib/avr5\libm.a(divsf3.o) (__divsf3x)
c:/winavr-20100110/bin/../lib/gcc/avr/4.3.3/../../../../avr/lib/avr5\libm.a(fixsfsi.o)
                              ./IR.o (__fixsfsi)
c:/winavr-20100110/bin/../lib/gcc/avr/4.3.3/../../../../avr/lib/avr5\libm.a(fixunssfsi.o)
                              c:/winavr-20100110/bin/../lib/gcc/avr/4.3.3/../../../../avr/lib/avr5\libm.a(fixsfsi.o) (__fixunssfsi)
c:/winavr-20100110/bin/../lib/gcc/avr/4.3.3/../../../../avr/lib/avr5\libm.a(floatsisf.o)
                              ./Accel.o (__floatunsisf)
c:/winavr-20100110/bin/../lib/gcc/avr/4.3.3/../../../../avr/lib/avr5\libm.a(fp_arccos.o)
                              c:/winavr-20100110/bin/../lib/gcc/avr/4.3.3/../../../../avr/lib/avr5\libm.a(acos.o) (__fp_arccos)
c:/winavr-20100110/bin/../lib/gcc/avr/4.3.3/../../../../avr/lib/avr5\libm.a(fp_cmp.o)
                              c:/winavr-20100110/bin/../lib/gcc/avr/4.3.3/../../../../avr/lib/avr5\libm.a(cmpsf2.o) (__fp_cmp)
c:/winavr-20100110/bin/../lib/gcc/avr/4.3.3/../../../../avr/lib/avr5\libm.a(fp_inf.o)
                              c:/winavr-20100110/bin/../lib/gcc/avr/4.3.3/../../../../avr/lib/avr5\libm.a(addsf3x.o) (__fp_inf)
c:/winavr-20100110/bin/../lib/gcc/avr/4.3.3/../../../../avr/lib/avr5\libm.a(fp_nan.o)
                              c:/winavr-20100110/bin/../lib/gcc/avr/4.3.3/../../../../avr/lib/avr5\libm.a(addsf3x.o) (__fp_nan)
c:/winavr-20100110/bin/../lib/gcc/avr/4.3.3/../../../../avr/lib/avr5\libm.a(fp_powser.o)
                              c:/winavr-20100110/bin/../lib/gcc/avr/4.3.3/../../../../avr/lib/avr5\libm.a(atan.o) (__fp_powser)
c:/winavr-20100110/bin/../lib/gcc/avr/4.3.3/../../../../avr/lib/avr5\libm.a(fp_pscA.o)
                              c:/winavr-20100110/bin/../lib/gcc/avr/4.3.3/../../../../avr/lib/avr5\libm.a(addsf3x.o) (__fp_pscA)
c:/winavr-20100110/bin/../lib/gcc/avr/4.3.3/../../../../avr/lib/avr5\libm.a(fp_pscB.o)
                              c:/winavr-20100110/bin/../lib/gcc/avr/4.3.3/../../../../avr/lib/avr5\libm.a(addsf3x.o) (__fp_pscB)
c:/winavr-20100110/bin/../lib/gcc/avr/4.3.3/../../../../avr/lib/avr5\libm.a(fp_round.o)
                              c:/winavr-20100110/bin/../lib/gcc/avr/4.3.3/../../../../avr/lib/avr5\libm.a(acos.o) (__fp_round)
c:/winavr-20100110/bin/../lib/gcc/avr/4.3.3/../../../../avr/lib/avr5\libm.a(fp_split3.o)
                              c:/winavr-20100110/bin/../lib/gcc/avr/4.3.3/../../../../avr/lib/avr5\libm.a(addsf3x.o) (__fp_split3)
c:/winavr-20100110/bin/../lib/gcc/avr/4.3.3/../../../../avr/lib/avr5\libm.a(fp_zero.o)
                              c:/winavr-20100110/bin/../lib/gcc/avr/4.3.3/../../../../avr/lib/avr5\libm.a(addsf3x.o) (__fp_zero)
c:/winavr-20100110/bin/../lib/gcc/avr/4.3.3/../../../../avr/lib/avr5\libm.a(gesf2.o)
                              ./Accel.o (__gesf2)
c:/winavr-20100110/bin/../lib/gcc/avr/4.3.3/../../../../avr/lib/avr5\libm.a(inverse.o)
                              c:/winavr-20100110/bin/../lib/gcc/avr/4.3.3/../../../../avr/lib/avr5\libm.a(atan.o) (inverse)
c:/winavr-20100110/bin/../lib/gcc/avr/4.3.3/../../../../avr/lib/avr5\libm.a(mulsf3.o)
                              ./Encoder.o (__mulsf3)
c:/winavr-20100110/bin/../lib/gcc/avr/4.3.3/../../../../avr/lib/avr5\libm.a(mulsf3x.o)
                              c:/winavr-20100110/bin/../lib/gcc/avr/4.3.3/../../../../avr/lib/avr5\libm.a(atan.o) (__mulsf3x)
c:/winavr-20100110/bin/../lib/gcc/avr/4.3.3/../../../../avr/lib/avr5\libm.a(pow.o)
                              ./Accel.o (pow)
c:/winavr-20100110/bin/../lib/gcc/avr/4.3.3/../../../../avr/lib/avr5\libm.a(sqrt.o)
                              ./main.o (sqrt)
c:/winavr-20100110/bin/../lib/gcc/avr/4.3.3/../../../../avr/lib/avr5\libm.a(square.o)
                              ./motors.o (square)
c:/winavr-20100110/bin/../lib/gcc/avr/4.3.3/../../../../avr/lib/avr5\libm.a(exp.o)
                              c:/winavr-20100110/bin/../lib/gcc/avr/4.3.3/../../../../avr/lib/avr5\libm.a(pow.o) (exp)
c:/winavr-20100110/bin/../lib/gcc/avr/4.3.3/../../../../avr/lib/avr5\libm.a(fp_mpack.o)
                              c:/winavr-20100110/bin/../lib/gcc/avr/4.3.3/../../../../avr/lib/avr5\libm.a(sqrt.o) (__fp_mpack)
c:/winavr-20100110/bin/../lib/gcc/avr/4.3.3/../../../../avr/lib/avr5\libm.a(fp_norm2.o)
                              c:/winavr-20100110/bin/../lib/gcc/avr/4.3.3/../../../../avr/lib/avr5\libm.a(sqrt.o) (__fp_norm2)
c:/winavr-20100110/bin/../lib/gcc/avr/4.3.3/../../../../avr/lib/avr5\libm.a(ldexp.o)
                              c:/winavr-20100110/bin/../lib/gcc/avr/4.3.3/../../../../avr/lib/avr5\libm.a(exp.o) (ldexp)
c:/winavr-20100110/bin/../lib/gcc/avr/4.3.3/../../../../avr/lib/avr5\libm.a(log.o)
                              c:/winavr-20100110/bin/../lib/gcc/avr/4.3.3/../../../../avr/lib/avr5\libm.a(pow.o) (log)
c:/winavr-20100110/bin/../lib/gcc/avr/4.3.3/../../../../avr/lib/avr5\libm.a(modf.o)
                              c:/winavr-20100110/bin/../lib/gcc/avr/4.3.3/../../../../avr/lib/avr5\libm.a(exp.o) (modf)
c:/winavr-20100110/bin/../lib/gcc/avr/4.3.3/avr5\libgcc.a(_udivmodsi4.o)
                              ./USARTDebug.o (__udivmodsi4)
c:/winavr-20100110/bin/../lib/gcc/avr/4.3.3/avr5\libgcc.a(_prologue.o)
                              c:/winavr-20100110/bin/../lib/gcc/avr/4.3.3/../../../../avr/lib/avr5\libprintf_flt.a(vfprintf_flt.o) (__prologue_saves__)
c:/winavr-20100110/bin/../lib/gcc/avr/4.3.3/avr5\libgcc.a(_epilogue.o)
                              c:/winavr-20100110/bin/../lib/gcc/avr/4.3.3/../../../../avr/lib/avr5\libprintf_flt.a(vfprintf_flt.o) (__epilogue_restores__)
c:/winavr-20100110/bin/../lib/gcc/avr/4.3.3/avr5\libgcc.a(_exit.o)
                              c:/winavr-20100110/bin/../lib/gcc/avr/4.3.3/../../../../avr/lib/avr5/crtm644p.o (exit)
c:/winavr-20100110/bin/../lib/gcc/avr/4.3.3/avr5\libgcc.a(_copy_data.o)
                              ./Accel.o (__do_copy_data)
c:/winavr-20100110/bin/../lib/gcc/avr/4.3.3/avr5\libgcc.a(_clear_bss.o)
                              ./Encoder.o (__do_clear_bss)
c:/winavr-20100110/bin/../lib/gcc/avr/4.3.3/../../../../avr/lib/avr5\libc.a(ftoa_engine.o)
                              c:/winavr-20100110/bin/../lib/gcc/avr/4.3.3/../../../../avr/lib/avr5\libprintf_flt.a(vfprintf_flt.o) (__ftoa_engine)
c:/winavr-20100110/bin/../lib/gcc/avr/4.3.3/../../../../avr/lib/avr5\libc.a(strnlen_P.o)
                              c:/winavr-20100110/bin/../lib/gcc/avr/4.3.3/../../../../avr/lib/avr5\libprintf_flt.a(vfprintf_flt.o) (strnlen_P)
c:/winavr-20100110/bin/../lib/gcc/avr/4.3.3/../../../../avr/lib/avr5\libc.a(strnlen.o)
                              c:/winavr-20100110/bin/../lib/gcc/avr/4.3.3/../../../../avr/lib/avr5\libprintf_flt.a(vfprintf_flt.o) (strnlen)
c:/winavr-20100110/bin/../lib/gcc/avr/4.3.3/../../../../avr/lib/avr5\libc.a(fputc.o)
                              c:/winavr-20100110/bin/../lib/gcc/avr/4.3.3/../../../../avr/lib/avr5\libprintf_flt.a(vfprintf_flt.o) (fputc)
c:/winavr-20100110/bin/../lib/gcc/avr/4.3.3/../../../../avr/lib/avr5\libc.a(iob.o)
                              C:\Users\Matias\Desktop\FinalWorkspace\rbe3001-team5\RBELib\Release\libRBELIb.a(Debug.o) (__iob)
c:/winavr-20100110/bin/../lib/gcc/avr/4.3.3/../../../../avr/lib/avr5\libc.a(printf.o)
                              ./Accel.o (printf)
c:/winavr-20100110/bin/../lib/gcc/avr/4.3.3/../../../../avr/lib/avr5\libc.a(sprintf.o)
                              C:\Users\Matias\Desktop\FinalWorkspace\rbe3001-team5\RBELib\Release\libRBELIb.a(SetServo.o) (sprintf)
c:/winavr-20100110/bin/../lib/gcc/avr/4.3.3/../../../../avr/lib/avr5\libc.a(ultoa_invert.o)
                              c:/winavr-20100110/bin/../lib/gcc/avr/4.3.3/../../../../avr/lib/avr5\libprintf_flt.a(vfprintf_flt.o) (__ultoa_invert)

Allocating common symbols
Common symbol       size              file

lowSetP             0x2               ./main.o
highSetP            0x2               ./main.o
intTime             0x4               ./main.o
timerCounter        0x4               ./main.o
inchar              0x1               ./main.o
lowLinkErr          0x4               ./main.o
potAngInt           0x4               ./main.o
highLinkErr         0x4               ./main.o
distance2block      0x2               ./main.o
pidConsts           0x18              ./PID.o
__iob               0x6               c:/winavr-20100110/bin/../lib/gcc/avr/4.3.3/../../../../avr/lib/avr5\libc.a(iob.o)

Memory Configuration

Name             Origin             Length             Attributes
text             0x00000000         0x00020000         xr
data             0x00800060         0x0000ffa0         rw !x
eeprom           0x00810000         0x00010000         rw !x
fuse             0x00820000         0x00000400         rw !x
lock             0x00830000         0x00000400         rw !x
signature        0x00840000         0x00000400         rw !x
*default*        0x00000000         0xffffffff

Linker script and memory map

Address of section .data set to 0x800100
LOAD c:/winavr-20100110/bin/../lib/gcc/avr/4.3.3/../../../../avr/lib/avr5/crtm644p.o
LOAD c:/winavr-20100110/bin/../lib/gcc/avr/4.3.3/../../../../avr/lib/avr5\libprintf_flt.a
LOAD ./ADC.o
LOAD ./Accel.o
LOAD ./DAC.o
LOAD ./Encoder.o
LOAD ./IR.o
LOAD ./Kinematics.o
LOAD ./PID.o
LOAD ./SPI.o
LOAD ./USARTDebug.o
LOAD ./currentsense.o
LOAD ./main.o
LOAD ./motors.o
LOAD ./pot.o
LOAD ./potfunc.o
LOAD ./setServo.o
LOAD ./timer.o
LOAD C:\Users\Matias\Desktop\FinalWorkspace\rbe3001-team5\RBELib\Release\libRBELIb.a
LOAD c:/winavr-20100110/bin/../lib/gcc/avr/4.3.3/../../../../avr/lib/avr5\libm.a
LOAD c:/winavr-20100110/bin/../lib/gcc/avr/4.3.3/avr5\libgcc.a
LOAD c:/winavr-20100110/bin/../lib/gcc/avr/4.3.3/../../../../avr/lib/avr5\libc.a
LOAD c:/winavr-20100110/bin/../lib/gcc/avr/4.3.3/avr5\libgcc.a

.hash
 *(.hash)

.dynsym
 *(.dynsym)

.dynstr
 *(.dynstr)

.gnu.version
 *(.gnu.version)

.gnu.version_d
 *(.gnu.version_d)

.gnu.version_r
 *(.gnu.version_r)

.rel.init
 *(.rel.init)

.rela.init
 *(.rela.init)

.rel.text
 *(.rel.text)
 *(.rel.text.*)
 *(.rel.gnu.linkonce.t*)

.rela.text
 *(.rela.text)
 *(.rela.text.*)
 *(.rela.gnu.linkonce.t*)

.rel.fini
 *(.rel.fini)

.rela.fini
 *(.rela.fini)

.rel.rodata
 *(.rel.rodata)
 *(.rel.rodata.*)
 *(.rel.gnu.linkonce.r*)

.rela.rodata
 *(.rela.rodata)
 *(.rela.rodata.*)
 *(.rela.gnu.linkonce.r*)

.rel.data
 *(.rel.data)
 *(.rel.data.*)
 *(.rel.gnu.linkonce.d*)

.rela.data
 *(.rela.data)
 *(.rela.data.*)
 *(.rela.gnu.linkonce.d*)

.rel.ctors
 *(.rel.ctors)

.rela.ctors
 *(.rela.ctors)

.rel.dtors
 *(.rel.dtors)

.rela.dtors
 *(.rela.dtors)

.rel.got
 *(.rel.got)

.rela.got
 *(.rela.got)

.rel.bss
 *(.rel.bss)

.rela.bss
 *(.rela.bss)

.rel.plt
 *(.rel.plt)

.rela.plt
 *(.rela.plt)

.text           0x00000000     0x380e
 *(.vectors)
 .vectors       0x00000000       0x7c c:/winavr-20100110/bin/../lib/gcc/avr/4.3.3/../../../../avr/lib/avr5/crtm644p.o
                0x00000000                __vectors
                0x00000000                __vector_default
 *(.vectors)
 *(.progmem.gcc*)
 .progmem.gcc_fplib
                0x0000007c       0x2d c:/winavr-20100110/bin/../lib/gcc/avr/4.3.3/../../../../avr/lib/avr5\libm.a(atan.o)
 .progmem.gcc_fplib
                0x000000a9       0x28 c:/winavr-20100110/bin/../lib/gcc/avr/4.3.3/../../../../avr/lib/avr5\libm.a(fp_arccos.o)
 .progmem.gcc_fplib
                0x000000d1       0x28 c:/winavr-20100110/bin/../lib/gcc/avr/4.3.3/../../../../avr/lib/avr5\libm.a(exp.o)
 .progmem.gcc_fplib
                0x000000f9       0x5a c:/winavr-20100110/bin/../lib/gcc/avr/4.3.3/../../../../avr/lib/avr5\libm.a(log.o)
 *(.progmem*)
 .progmem.data  0x00000153        0x8 c:/winavr-20100110/bin/../lib/gcc/avr/4.3.3/../../../../avr/lib/avr5\libprintf_flt.a(vfprintf_flt.o)
 .progmem.data  0x0000015b       0xfa c:/winavr-20100110/bin/../lib/gcc/avr/4.3.3/../../../../avr/lib/avr5\libc.a(ftoa_engine.o)
                0x00000256                . = ALIGN (0x2)
 *fill*         0x00000255        0x1 00
                0x00000256                __trampolines_start = .
 *(.trampolines)
 .trampolines   0x00000256        0x0 linker stubs
 *(.trampolines*)
                0x00000256                __trampolines_end = .
 *(.jumptables)
 *(.jumptables*)
 *(.lowtext)
 *(.lowtext*)
                0x00000256                __ctors_start = .
 *(.ctors)
                0x00000256                __ctors_end = .
                0x00000256                __dtors_start = .
 *(.dtors)
                0x00000256                __dtors_end = .
 SORT(*)(.ctors)
 SORT(*)(.dtors)
 *(.init0)
 .init0         0x00000256        0x0 c:/winavr-20100110/bin/../lib/gcc/avr/4.3.3/../../../../avr/lib/avr5/crtm644p.o
                0x00000256                __init
 *(.init0)
 *(.init1)
 *(.init1)
 *(.init2)
 .init2         0x00000256        0xc c:/winavr-20100110/bin/../lib/gcc/avr/4.3.3/../../../../avr/lib/avr5/crtm644p.o
 *(.init2)
 *(.init3)
 *(.init3)
 *(.init4)
 .init4         0x00000262       0x16 c:/winavr-20100110/bin/../lib/gcc/avr/4.3.3/avr5\libgcc.a(_copy_data.o)
                0x00000262                __do_copy_data
 .init4         0x00000278       0x10 c:/winavr-20100110/bin/../lib/gcc/avr/4.3.3/avr5\libgcc.a(_clear_bss.o)
                0x00000278                __do_clear_bss
 *(.init4)
 *(.init5)
 *(.init5)
 *(.init6)
 *(.init6)
 *(.init7)
 *(.init7)
 *(.init8)
 *(.init8)
 *(.init9)
 .init9         0x00000288        0x8 c:/winavr-20100110/bin/../lib/gcc/avr/4.3.3/../../../../avr/lib/avr5/crtm644p.o
 *(.init9)
 *(.text)
 .text          0x00000290        0x4 c:/winavr-20100110/bin/../lib/gcc/avr/4.3.3/../../../../avr/lib/avr5/crtm644p.o
                0x00000290                __vector_22
                0x00000290                __vector_28
                0x00000290                __vector_1
                0x00000290                __vector_24
                0x00000290                __vector_12
                0x00000290                __bad_interrupt
                0x00000290                __vector_6
                0x00000290                __vector_3
                0x00000290                __vector_23
                0x00000290                __vector_30
                0x00000290                __vector_25
                0x00000290                __vector_11
                0x00000290                __vector_13
                0x00000290                __vector_17
                0x00000290                __vector_19
                0x00000290                __vector_7
                0x00000290                __vector_27
                0x00000290                __vector_5
                0x00000290                __vector_4
                0x00000290                __vector_9
                0x00000290                __vector_2
                0x00000290                __vector_21
                0x00000290                __vector_15
                0x00000290                __vector_29
                0x00000290                __vector_8
                0x00000290                __vector_26
                0x00000290                __vector_14
                0x00000290                __vector_10
                0x00000290                __vector_16
                0x00000290                __vector_20
 .text          0x00000294        0x0 c:/winavr-20100110/bin/../lib/gcc/avr/4.3.3/../../../../avr/lib/avr5\libprintf_flt.a(vfprintf_flt.o)
 .text          0x00000294        0x0 ./ADC.o
 .text          0x00000294        0x0 ./Accel.o
 .text          0x00000294        0x0 ./DAC.o
 .text          0x00000294        0x0 ./Encoder.o
 .text          0x00000294        0x0 ./IR.o
 .text          0x00000294        0x0 ./Kinematics.o
 .text          0x00000294        0x0 ./PID.o
 .text          0x00000294        0x0 ./SPI.o
 .text          0x00000294        0x0 ./USARTDebug.o
 .text          0x00000294        0x0 ./currentsense.o
 .text          0x00000294        0x0 ./main.o
 .text          0x00000294        0x0 ./motors.o
 .text          0x00000294        0x0 ./pot.o
 .text          0x00000294        0x0 ./potfunc.o
 .text          0x00000294        0x0 ./setServo.o
 .text          0x00000294        0x0 ./timer.o
 .text          0x00000294        0x0 C:\Users\Matias\Desktop\FinalWorkspace\rbe3001-team5\RBELib\Release\libRBELIb.a(SetServo.o)
 .text          0x00000294        0x0 C:\Users\Matias\Desktop\FinalWorkspace\rbe3001-team5\RBELib\Release\libRBELIb.a(Debug.o)
 .text          0x00000294        0x0 c:/winavr-20100110/bin/../lib/gcc/avr/4.3.3/../../../../avr/lib/avr5\libm.a(acos.o)
 .text          0x00000294        0x0 c:/winavr-20100110/bin/../lib/gcc/avr/4.3.3/../../../../avr/lib/avr5\libm.a(addsf3.o)
 .text          0x00000294        0x0 c:/winavr-20100110/bin/../lib/gcc/avr/4.3.3/../../../../avr/lib/avr5\libm.a(addsf3x.o)
 .text          0x00000294        0x0 c:/winavr-20100110/bin/../lib/gcc/avr/4.3.3/../../../../avr/lib/avr5\libm.a(atan2.o)
 .text          0x00000294        0x0 c:/winavr-20100110/bin/../lib/gcc/avr/4.3.3/../../../../avr/lib/avr5\libm.a(atan.o)
 .text          0x00000294        0x0 c:/winavr-20100110/bin/../lib/gcc/avr/4.3.3/../../../../avr/lib/avr5\libm.a(cmpsf2.o)
 .text          0x00000294        0x0 c:/winavr-20100110/bin/../lib/gcc/avr/4.3.3/../../../../avr/lib/avr5\libm.a(divsf3.o)
 .text          0x00000294        0x0 c:/winavr-20100110/bin/../lib/gcc/avr/4.3.3/../../../../avr/lib/avr5\libm.a(divsf3x.o)
 .text          0x00000294        0x0 c:/winavr-20100110/bin/../lib/gcc/avr/4.3.3/../../../../avr/lib/avr5\libm.a(fixsfsi.o)
 .text          0x00000294        0x0 c:/winavr-20100110/bin/../lib/gcc/avr/4.3.3/../../../../avr/lib/avr5\libm.a(fixunssfsi.o)
 .text          0x00000294        0x0 c:/winavr-20100110/bin/../lib/gcc/avr/4.3.3/../../../../avr/lib/avr5\libm.a(floatsisf.o)
 .text          0x00000294        0x0 c:/winavr-20100110/bin/../lib/gcc/avr/4.3.3/../../../../avr/lib/avr5\libm.a(fp_arccos.o)
 .text          0x00000294        0x0 c:/winavr-20100110/bin/../lib/gcc/avr/4.3.3/../../../../avr/lib/avr5\libm.a(fp_cmp.o)
 .text          0x00000294        0x0 c:/winavr-20100110/bin/../lib/gcc/avr/4.3.3/../../../../avr/lib/avr5\libm.a(fp_inf.o)
 .text          0x00000294        0x0 c:/winavr-20100110/bin/../lib/gcc/avr/4.3.3/../../../../avr/lib/avr5\libm.a(fp_nan.o)
 .text          0x00000294        0x0 c:/winavr-20100110/bin/../lib/gcc/avr/4.3.3/../../../../avr/lib/avr5\libm.a(fp_powser.o)
 .text          0x00000294        0x0 c:/winavr-20100110/bin/../lib/gcc/avr/4.3.3/../../../../avr/lib/avr5\libm.a(fp_pscA.o)
 .text          0x00000294        0x0 c:/winavr-20100110/bin/../lib/gcc/avr/4.3.3/../../../../avr/lib/avr5\libm.a(fp_pscB.o)
 .text          0x00000294        0x0 c:/winavr-20100110/bin/../lib/gcc/avr/4.3.3/../../../../avr/lib/avr5\libm.a(fp_round.o)
 .text          0x00000294        0x0 c:/winavr-20100110/bin/../lib/gcc/avr/4.3.3/../../../../avr/lib/avr5\libm.a(fp_split3.o)
 .text          0x00000294        0x0 c:/winavr-20100110/bin/../lib/gcc/avr/4.3.3/../../../../avr/lib/avr5\libm.a(fp_zero.o)
 .text          0x00000294        0x0 c:/winavr-20100110/bin/../lib/gcc/avr/4.3.3/../../../../avr/lib/avr5\libm.a(gesf2.o)
 .text          0x00000294        0x0 c:/winavr-20100110/bin/../lib/gcc/avr/4.3.3/../../../../avr/lib/avr5\libm.a(inverse.o)
 .text          0x00000294        0x0 c:/winavr-20100110/bin/../lib/gcc/avr/4.3.3/../../../../avr/lib/avr5\libm.a(mulsf3.o)
 .text          0x00000294        0x0 c:/winavr-20100110/bin/../lib/gcc/avr/4.3.3/../../../../avr/lib/avr5\libm.a(mulsf3x.o)
 .text          0x00000294        0x0 c:/winavr-20100110/bin/../lib/gcc/avr/4.3.3/../../../../avr/lib/avr5\libm.a(pow.o)
 .text          0x00000294        0x0 c:/winavr-20100110/bin/../lib/gcc/avr/4.3.3/../../../../avr/lib/avr5\libm.a(sqrt.o)
 .text          0x00000294        0x0 c:/winavr-20100110/bin/../lib/gcc/avr/4.3.3/../../../../avr/lib/avr5\libm.a(square.o)
 .text          0x00000294        0x0 c:/winavr-20100110/bin/../lib/gcc/avr/4.3.3/../../../../avr/lib/avr5\libm.a(exp.o)
 .text          0x00000294        0x0 c:/winavr-20100110/bin/../lib/gcc/avr/4.3.3/../../../../avr/lib/avr5\libm.a(fp_mpack.o)
 .text          0x00000294        0x0 c:/winavr-20100110/bin/../lib/gcc/avr/4.3.3/../../../../avr/lib/avr5\libm.a(fp_norm2.o)
 .text          0x00000294        0x0 c:/winavr-20100110/bin/../lib/gcc/avr/4.3.3/../../../../avr/lib/avr5\libm.a(ldexp.o)
 .text          0x00000294        0x0 c:/winavr-20100110/bin/../lib/gcc/avr/4.3.3/../../../../avr/lib/avr5\libm.a(log.o)
 .text          0x00000294        0x0 c:/winavr-20100110/bin/../lib/gcc/avr/4.3.3/../../../../avr/lib/avr5\libm.a(modf.o)
 .text          0x00000294        0x0 c:/winavr-20100110/bin/../lib/gcc/avr/4.3.3/avr5\libgcc.a(_udivmodsi4.o)
 .text          0x00000294        0x0 c:/winavr-20100110/bin/../lib/gcc/avr/4.3.3/avr5\libgcc.a(_prologue.o)
 .text          0x00000294        0x0 c:/winavr-20100110/bin/../lib/gcc/avr/4.3.3/avr5\libgcc.a(_epilogue.o)
 .text          0x00000294        0x0 c:/winavr-20100110/bin/../lib/gcc/avr/4.3.3/avr5\libgcc.a(_exit.o)
 .text          0x00000294        0x0 c:/winavr-20100110/bin/../lib/gcc/avr/4.3.3/avr5\libgcc.a(_copy_data.o)
 .text          0x00000294        0x0 c:/winavr-20100110/bin/../lib/gcc/avr/4.3.3/avr5\libgcc.a(_clear_bss.o)
 .text          0x00000294        0x0 c:/winavr-20100110/bin/../lib/gcc/avr/4.3.3/../../../../avr/lib/avr5\libc.a(ftoa_engine.o)
 .text          0x00000294        0x0 c:/winavr-20100110/bin/../lib/gcc/avr/4.3.3/../../../../avr/lib/avr5\libc.a(strnlen_P.o)
 .text          0x00000294        0x0 c:/winavr-20100110/bin/../lib/gcc/avr/4.3.3/../../../../avr/lib/avr5\libc.a(strnlen.o)
 .text          0x00000294        0x0 c:/winavr-20100110/bin/../lib/gcc/avr/4.3.3/../../../../avr/lib/avr5\libc.a(fputc.o)
 .text          0x00000294        0x0 c:/winavr-20100110/bin/../lib/gcc/avr/4.3.3/../../../../avr/lib/avr5\libc.a(iob.o)
 .text          0x00000294        0x0 c:/winavr-20100110/bin/../lib/gcc/avr/4.3.3/../../../../avr/lib/avr5\libc.a(printf.o)
 .text          0x00000294        0x0 c:/winavr-20100110/bin/../lib/gcc/avr/4.3.3/../../../../avr/lib/avr5\libc.a(sprintf.o)
 .text          0x00000294        0x0 c:/winavr-20100110/bin/../lib/gcc/avr/4.3.3/../../../../avr/lib/avr5\libc.a(ultoa_invert.o)
                0x00000294                . = ALIGN (0x2)
 *(.text.*)
 .text.avr-libc
                0x00000294      0x70e c:/winavr-20100110/bin/../lib/gcc/avr/4.3.3/../../../../avr/lib/avr5\libprintf_flt.a(vfprintf_flt.o)
                0x00000294                vfprintf
 .text.initADC  0x000009a2       0x26 ./ADC.o
                0x000009a2                initADC
 .text.clearADC
                0x000009c8        0x8 ./ADC.o
                0x000009c8                clearADC
 .text.getADC   0x000009d0       0x38 ./ADC.o
                0x000009d0                getADC
 .text.changeADC
                0x00000a08        0x8 ./ADC.o
                0x00000a08                changeADC
 .text.Volt2Gforce
                0x00000a10       0xa0 ./Accel.o
                0x00000a10                Volt2Gforce
 .text.Val2Volt
                0x00000ab0       0x16 ./Accel.o
                0x00000ab0                Val2Volt
 .text.getAcceleration
                0x00000ac6       0x36 ./Accel.o
                0x00000ac6                getAcceleration
 .text.test_accel
                0x00000afc      0x15e ./Accel.o
                0x00000afc                test_accel
 .text.setDAC   0x00000c5a       0x8c ./DAC.o
                0x00000c5a                setDAC
 .text.GetAccelerationH48C
                0x00000ce6        0x6 ./Encoder.o
                0x00000ce6                GetAccelerationH48C
 .text.resetEncoder
                0x00000cec       0x42 ./Encoder.o
                0x00000cec                resetEncoder
 .text.initEncoder
                0x00000d2e       0x36 ./Encoder.o
                0x00000d2e                initEncoder
 .text.EncoderCounts
                0x00000d64       0xc8 ./Encoder.o
                0x00000d64                EncoderCounts
 .text.ENCODER  0x00000e2c      0x116 ./Encoder.o
                0x00000e2c                ENCODER
 .text.adcToMillimeters
                0x00000f42       0x30 ./IR.o
                0x00000f42                adcToMillimeters
 .text.getIRValue
                0x00000f72       0x36 ./IR.o
                0x00000f72                getIRValue
 .text.sampleIR
                0x00000fa8       0xc8 ./IR.o
                0x00000fa8                sampleIR
 .text.setupIR  0x00001070       0x30 ./IR.o
                0x00001070                setupIR
 .text.setConst
                0x000010a0      0x120 ./PID.o
                0x000010a0                setConst
 .text.calcPID  0x000011c0      0x360 ./PID.o
                0x000011c0                calcPID
 .text.initSPI  0x00001520       0x4e ./SPI.o
                0x00001520                initSPI
 .text.spiTransceive
                0x0000156e        0xc ./SPI.o
                0x0000156e                spiTransceive
 .text.debugUSARTInit
                0x0000157a       0x40 ./USARTDebug.o
                0x0000157a                debugUSARTInit
 .text.putCharDebug
                0x000015ba       0x10 ./USARTDebug.o
                0x000015ba                putCharDebug
 .text.getCharDebug
                0x000015ca        0xe ./USARTDebug.o
                0x000015ca                getCharDebug
 .text.getCurrent
                0x000015d8       0x72 ./currentsense.o
                0x000015d8                getCurrent
 .text.current_sense
                0x0000164a        0xe ./currentsense.o
                0x0000164a                current_sense
 .text.angleToPot
                0x00001658       0xac ./main.o
                0x00001658                angleToPot
 .text.angleToADCLow
                0x00001704       0x78 ./main.o
                0x00001704                angleToADCLow
 .text.angleToADCHigh
                0x0000177c       0x78 ./main.o
                0x0000177c                angleToADCHigh
 .text.getLowerAngle
                0x000017f4      0x148 ./main.o
                0x000017f4                getLowerAngle
 .text.getUpperAngle
                0x0000193c       0x9a ./main.o
                0x0000193c                getUpperAngle
 .text.updatePIDLink
                0x000019d6       0xa2 ./main.o
                0x000019d6                updatePIDLink
 .text.button_move
                0x00001a78      0x26c ./main.o
                0x00001a78                button_move
 .text.__vector_18
                0x00001ce4      0x294 ./main.o
                0x00001ce4                __vector_18
 .text.main     0x00001f78      0x6c6 ./main.o
                0x00001f78                main
 .text.stopMotors
                0x0000263e        0x2 ./motors.o
                0x0000263e                stopMotors
 .text.gotoAngles
                0x00002640        0x2 ./motors.o
                0x00002640                gotoAngles
 .text.homePos  0x00002642        0x2 ./motors.o
                0x00002642                homePos
 .text.driveLink
                0x00002644       0x6c ./motors.o
                0x00002644                driveLink
 .text.gotoXY   0x000026b0      0x198 ./motors.o
                0x000026b0                gotoXY
 .text.potAngle
                0x00002848       0x28 ./pot.o
                0x00002848                potAngle
 .text.potVolts
                0x00002870       0x30 ./pot.o
                0x00002870                potVolts
 .text.samplePot
                0x000028a0       0xe0 ./potfunc.o
                0x000028a0                samplePot
 .text.initTimer
                0x00002980       0x9c ./timer.o
                0x00002980                initTimer
 .text.setCompValue
                0x00002a1c       0x22 ./timer.o
                0x00002a1c                setCompValue
 .text.initAltCom
                0x00002a3e       0x38 C:\Users\Matias\Desktop\FinalWorkspace\rbe3001-team5\RBELib\Release\libRBELIb.a(SetServo.o)
                0x00002a3e                initAltCom
 .text.setCharDebug
                0x00002a76       0x10 C:\Users\Matias\Desktop\FinalWorkspace\rbe3001-team5\RBELib\Release\libRBELIb.a(SetServo.o)
                0x00002a76                setCharDebug
 .text.coPrintf
                0x00002a86       0x1a C:\Users\Matias\Desktop\FinalWorkspace\rbe3001-team5\RBELib\Release\libRBELIb.a(SetServo.o)
                0x00002a86                coPrintf
 .text.setServo
                0x00002aa0       0x84 C:\Users\Matias\Desktop\FinalWorkspace\rbe3001-team5\RBELib\Release\libRBELIb.a(SetServo.o)
                0x00002aa0                setServo
 .text.initRBELib
                0x00002b24       0x1a C:\Users\Matias\Desktop\FinalWorkspace\rbe3001-team5\RBELib\Release\libRBELIb.a(Debug.o)
                0x00002b24                initRBELib
 .text.printfRBE
                0x00002b3e        0xa C:\Users\Matias\Desktop\FinalWorkspace\rbe3001-team5\RBELib\Release\libRBELIb.a(Debug.o)
                0x00002b3e                printfRBE
 .text.avr-libc.fplib
                0x00002b48       0x1c c:/winavr-20100110/bin/../lib/gcc/avr/4.3.3/../../../../avr/lib/avr5\libm.a(acos.o)
                0x00002b48                acos
 .text.avr-libc.fplib
                0x00002b64        0xa c:/winavr-20100110/bin/../lib/gcc/avr/4.3.3/../../../../avr/lib/avr5\libm.a(addsf3.o)
                0x00002b64                __subsf3
                0x00002b66                __addsf3
 .text.avr-libc.fplib
                0x00002b6e       0xc0 c:/winavr-20100110/bin/../lib/gcc/avr/4.3.3/../../../../avr/lib/avr5\libm.a(addsf3x.o)
                0x00002b88                __addsf3x
 .text.avr-libc.fplib
                0x00002c2e       0x74 c:/winavr-20100110/bin/../lib/gcc/avr/4.3.3/../../../../avr/lib/avr5\libm.a(atan2.o)
                0x00002c4c                atan2
 .text.avr-libc.fplib
                0x00002ca2       0x50 c:/winavr-20100110/bin/../lib/gcc/avr/4.3.3/../../../../avr/lib/avr5\libm.a(atan.o)
                0x00002ca2                atan
 .text.avr-libc.fplib
                0x00002cf2        0x8 c:/winavr-20100110/bin/../lib/gcc/avr/4.3.3/../../../../avr/lib/avr5\libm.a(cmpsf2.o)
                0x00002cf2                __lesf2
                0x00002cf2                __nesf2
                0x00002cf2                __eqsf2
                0x00002cf2                __cmpsf2
                0x00002cf2                __ltsf2
 .text.avr-libc.fplib
                0x00002cfa        0x4 c:/winavr-20100110/bin/../lib/gcc/avr/4.3.3/../../../../avr/lib/avr5\libm.a(divsf3.o)
                0x00002cfa                __divsf3
 .text.avr-libc.fplib
                0x00002cfe       0xcc c:/winavr-20100110/bin/../lib/gcc/avr/4.3.3/../../../../avr/lib/avr5\libm.a(divsf3x.o)
                0x00002d14                __divsf3x
                0x00002d18                __divsf3_pse
 .text.avr-libc.fplib
                0x00002dca        0xa c:/winavr-20100110/bin/../lib/gcc/avr/4.3.3/../../../../avr/lib/avr5\libm.a(fixsfsi.o)
                0x00002dca                __fixsfsi
 .text.avr-libc.fplib
                0x00002dd4       0x58 c:/winavr-20100110/bin/../lib/gcc/avr/4.3.3/../../../../avr/lib/avr5\libm.a(fixunssfsi.o)
                0x00002dd4                __fixunssfsi
 .text.avr-libc.fplib
                0x00002e2c       0x7a c:/winavr-20100110/bin/../lib/gcc/avr/4.3.3/../../../../avr/lib/avr5\libm.a(floatsisf.o)
                0x00002e30                __floatsisf
                0x00002e2c                __floatunsisf
 .text.avr-libc.fplib
                0x00002ea6       0x36 c:/winavr-20100110/bin/../lib/gcc/avr/4.3.3/../../../../avr/lib/avr5\libm.a(fp_arccos.o)
                0x00002ea6                __fp_arccos
 .text.avr-libc.fplib
                0x00002edc       0x48 c:/winavr-20100110/bin/../lib/gcc/avr/4.3.3/../../../../avr/lib/avr5\libm.a(fp_cmp.o)
                0x00002edc                __fp_cmp
 .text.avr-libc.fplib
                0x00002f24        0xc c:/winavr-20100110/bin/../lib/gcc/avr/4.3.3/../../../../avr/lib/avr5\libm.a(fp_inf.o)
                0x00002f24                __fp_inf
 .text.avr-libc.fplib
                0x00002f30        0x6 c:/winavr-20100110/bin/../lib/gcc/avr/4.3.3/../../../../avr/lib/avr5\libm.a(fp_nan.o)
                0x00002f30                __fp_nan
 .text.avr-libc.fplib
                0x00002f36       0x4a c:/winavr-20100110/bin/../lib/gcc/avr/4.3.3/../../../../avr/lib/avr5\libm.a(fp_powser.o)
                0x00002f36                __fp_powser
 .text.avr-libc.fplib
                0x00002f80        0xe c:/winavr-20100110/bin/../lib/gcc/avr/4.3.3/../../../../avr/lib/avr5\libm.a(fp_pscA.o)
                0x00002f80                __fp_pscA
 .text.avr-libc.fplib
                0x00002f8e        0xe c:/winavr-20100110/bin/../lib/gcc/avr/4.3.3/../../../../avr/lib/avr5\libm.a(fp_pscB.o)
                0x00002f8e                __fp_pscB
 .text.avr-libc.fplib
                0x00002f9c       0x22 c:/winavr-20100110/bin/../lib/gcc/avr/4.3.3/../../../../avr/lib/avr5\libm.a(fp_round.o)
                0x00002f9c                __fp_round
 .text.avr-libc.fplib
                0x00002fbe       0x44 c:/winavr-20100110/bin/../lib/gcc/avr/4.3.3/../../../../avr/lib/avr5\libm.a(fp_split3.o)
                0x00002fbe                __fp_split3
                0x00002fce                __fp_splitA
 .text.avr-libc.fplib
                0x00003002        0xe c:/winavr-20100110/bin/../lib/gcc/avr/4.3.3/../../../../avr/lib/avr5\libm.a(fp_zero.o)
                0x00003002                __fp_zero
                0x00003004                __fp_szero
 .text.avr-libc.fplib
                0x00003010        0x8 c:/winavr-20100110/bin/../lib/gcc/avr/4.3.3/../../../../avr/lib/avr5\libm.a(gesf2.o)
                0x00003010                __gtsf2
                0x00003010                __gesf2
 .text.avr-libc.fplib
                0x00003018        0xe c:/winavr-20100110/bin/../lib/gcc/avr/4.3.3/../../../../avr/lib/avr5\libm.a(inverse.o)
                0x00003018                inverse
 .text.avr-libc.fplib
                0x00003026        0x4 c:/winavr-20100110/bin/../lib/gcc/avr/4.3.3/../../../../avr/lib/avr5\libm.a(mulsf3.o)
                0x00003026                __mulsf3
 .text.avr-libc.fplib
                0x0000302a       0xc2 c:/winavr-20100110/bin/../lib/gcc/avr/4.3.3/../../../../avr/lib/avr5\libm.a(mulsf3x.o)
                0x00003042                __mulsf3_pse
                0x0000303e                __mulsf3x
 .text.avr-libc.fplib
                0x000030ec       0x98 c:/winavr-20100110/bin/../lib/gcc/avr/4.3.3/../../../../avr/lib/avr5\libm.a(pow.o)
                0x000030ec                pow
 .text.avr-libc.fplib
                0x00003184       0x84 c:/winavr-20100110/bin/../lib/gcc/avr/4.3.3/../../../../avr/lib/avr5\libm.a(sqrt.o)
                0x0000318c                sqrt
 .text.avr-libc.fplib
                0x00003208        0x6 c:/winavr-20100110/bin/../lib/gcc/avr/4.3.3/../../../../avr/lib/avr5\libm.a(square.o)
                0x00003208                square
 .text.avr-libc.fplib
                0x0000320e       0x62 c:/winavr-20100110/bin/../lib/gcc/avr/4.3.3/../../../../avr/lib/avr5\libm.a(exp.o)
                0x00003218                exp
 .text.avr-libc.fplib
                0x00003270       0x1c c:/winavr-20100110/bin/../lib/gcc/avr/4.3.3/../../../../avr/lib/avr5\libm.a(fp_mpack.o)
                0x00003274                __fp_mpack_finite
                0x00003270                __fp_mpack
 .text.avr-libc.fplib
                0x0000328c        0xe c:/winavr-20100110/bin/../lib/gcc/avr/4.3.3/../../../../avr/lib/avr5\libm.a(fp_norm2.o)
                0x0000328c                __fp_norm2
 .text.avr-libc.fplib
                0x0000329a       0x6c c:/winavr-20100110/bin/../lib/gcc/avr/4.3.3/../../../../avr/lib/avr5\libm.a(ldexp.o)
                0x0000329e                ldexp
 .text.avr-libc.fplib
                0x00003306       0x8a c:/winavr-20100110/bin/../lib/gcc/avr/4.3.3/../../../../avr/lib/avr5\libm.a(log.o)
                0x00003310                log
 .text.avr-libc.fplib
                0x00003390       0x66 c:/winavr-20100110/bin/../lib/gcc/avr/4.3.3/../../../../avr/lib/avr5\libm.a(modf.o)
                0x00003390                modff
                0x00003390                modf
 .text.libgcc   0x000033f6       0x44 c:/winavr-20100110/bin/../lib/gcc/avr/4.3.3/avr5\libgcc.a(_udivmodsi4.o)
                0x000033f6                __udivmodsi4
 .text.libgcc   0x0000343a       0x38 c:/winavr-20100110/bin/../lib/gcc/avr/4.3.3/avr5\libgcc.a(_prologue.o)
                0x0000343a                __prologue_saves__
 .text.libgcc   0x00003472       0x36 c:/winavr-20100110/bin/../lib/gcc/avr/4.3.3/avr5\libgcc.a(_epilogue.o)
                0x00003472                __epilogue_restores__
 .text.libgcc   0x000034a8        0x0 c:/winavr-20100110/bin/../lib/gcc/avr/4.3.3/avr5\libgcc.a(_exit.o)
 .text.libgcc   0x000034a8        0x0 c:/winavr-20100110/bin/../lib/gcc/avr/4.3.3/avr5\libgcc.a(_copy_data.o)
 .text.libgcc   0x000034a8        0x0 c:/winavr-20100110/bin/../lib/gcc/avr/4.3.3/avr5\libgcc.a(_clear_bss.o)
 .text.avr-libc
                0x000034a8      0x1b0 c:/winavr-20100110/bin/../lib/gcc/avr/4.3.3/../../../../avr/lib/avr5\libc.a(ftoa_engine.o)
                0x000034a8                __ftoa_engine
 .text.avr-libc
                0x00003658       0x16 c:/winavr-20100110/bin/../lib/gcc/avr/4.3.3/../../../../avr/lib/avr5\libc.a(strnlen_P.o)
                0x00003658                strnlen_P
 .text.avr-libc
                0x0000366e       0x16 c:/winavr-20100110/bin/../lib/gcc/avr/4.3.3/../../../../avr/lib/avr5\libc.a(strnlen.o)
                0x0000366e                strnlen
 .text.avr-libc
                0x00003684       0x58 c:/winavr-20100110/bin/../lib/gcc/avr/4.3.3/../../../../avr/lib/avr5\libc.a(fputc.o)
                0x00003684                fputc
 .text.avr-libc
                0x000036dc       0x2a c:/winavr-20100110/bin/../lib/gcc/avr/4.3.3/../../../../avr/lib/avr5\libc.a(printf.o)
                0x000036dc                printf
 .text.avr-libc
                0x00003706       0x48 c:/winavr-20100110/bin/../lib/gcc/avr/4.3.3/../../../../avr/lib/avr5\libc.a(sprintf.o)
                0x00003706                sprintf
 .text.avr-libc
                0x0000374e       0xbc c:/winavr-20100110/bin/../lib/gcc/avr/4.3.3/../../../../avr/lib/avr5\libc.a(ultoa_invert.o)
                0x0000374e                __ultoa_invert
                0x0000380a                . = ALIGN (0x2)
 *(.fini9)
 .fini9         0x0000380a        0x0 c:/winavr-20100110/bin/../lib/gcc/avr/4.3.3/avr5\libgcc.a(_exit.o)
                0x0000380a                exit
                0x0000380a                _exit
 *(.fini9)
 *(.fini8)
 *(.fini8)
 *(.fini7)
 *(.fini7)
 *(.fini6)
 *(.fini6)
 *(.fini5)
 *(.fini5)
 *(.fini4)
 *(.fini4)
 *(.fini3)
 *(.fini3)
 *(.fini2)
 *(.fini2)
 *(.fini1)
 *(.fini1)
 *(.fini0)
 .fini0         0x0000380a        0x4 c:/winavr-20100110/bin/../lib/gcc/avr/4.3.3/avr5\libgcc.a(_exit.o)
 *(.fini0)
                0x0000380e                _etext = .

.data           0x00800100      0x1f4 load address 0x0000380e
                0x00800100                PROVIDE (__data_start, .)
 *(.data)
 .data          0x00800100        0x0 c:/winavr-20100110/bin/../lib/gcc/avr/4.3.3/../../../../avr/lib/avr5/crtm644p.o
 .data          0x00800100        0x0 c:/winavr-20100110/bin/../lib/gcc/avr/4.3.3/../../../../avr/lib/avr5\libprintf_flt.a(vfprintf_flt.o)
 .data          0x00800100        0x0 ./ADC.o
 .data          0x00800100       0x2a ./Accel.o
 .data          0x0080012a        0x0 ./DAC.o
 .data          0x0080012a       0x32 ./Encoder.o
 .data          0x0080015c       0x1d ./IR.o
 .data          0x00800179        0x0 ./Kinematics.o
 .data          0x00800179        0x0 ./PID.o
 .data          0x00800179        0x0 ./SPI.o
 .data          0x00800179        0x0 ./USARTDebug.o
 .data          0x00800179        0x0 ./currentsense.o
 .data          0x00800179       0xcc ./main.o
 .data          0x00800245        0x0 ./motors.o
 .data          0x00800245        0x0 ./pot.o
 .data          0x00800245       0x33 ./potfunc.o
 .data          0x00800278        0x0 ./setServo.o
 .data          0x00800278        0x0 ./timer.o
 .data          0x00800278       0x14 C:\Users\Matias\Desktop\FinalWorkspace\rbe3001-team5\RBELib\Release\libRBELIb.a(SetServo.o)
 .data          0x0080028c        0x0 C:\Users\Matias\Desktop\FinalWorkspace\rbe3001-team5\RBELib\Release\libRBELIb.a(Debug.o)
 .data          0x0080028c        0x0 c:/winavr-20100110/bin/../lib/gcc/avr/4.3.3/../../../../avr/lib/avr5\libm.a(acos.o)
 .data          0x0080028c        0x0 c:/winavr-20100110/bin/../lib/gcc/avr/4.3.3/../../../../avr/lib/avr5\libm.a(addsf3.o)
 .data          0x0080028c        0x0 c:/winavr-20100110/bin/../lib/gcc/avr/4.3.3/../../../../avr/lib/avr5\libm.a(addsf3x.o)
 .data          0x0080028c        0x0 c:/winavr-20100110/bin/../lib/gcc/avr/4.3.3/../../../../avr/lib/avr5\libm.a(atan2.o)
 .data          0x0080028c        0x0 c:/winavr-20100110/bin/../lib/gcc/avr/4.3.3/../../../../avr/lib/avr5\libm.a(atan.o)
 .data          0x0080028c        0x0 c:/winavr-20100110/bin/../lib/gcc/avr/4.3.3/../../../../avr/lib/avr5\libm.a(cmpsf2.o)
 .data          0x0080028c        0x0 c:/winavr-20100110/bin/../lib/gcc/avr/4.3.3/../../../../avr/lib/avr5\libm.a(divsf3.o)
 .data          0x0080028c        0x0 c:/winavr-20100110/bin/../lib/gcc/avr/4.3.3/../../../../avr/lib/avr5\libm.a(divsf3x.o)
 .data          0x0080028c        0x0 c:/winavr-20100110/bin/../lib/gcc/avr/4.3.3/../../../../avr/lib/avr5\libm.a(fixsfsi.o)
 .data          0x0080028c        0x0 c:/winavr-20100110/bin/../lib/gcc/avr/4.3.3/../../../../avr/lib/avr5\libm.a(fixunssfsi.o)
 .data          0x0080028c        0x0 c:/winavr-20100110/bin/../lib/gcc/avr/4.3.3/../../../../avr/lib/avr5\libm.a(floatsisf.o)
 .data          0x0080028c        0x0 c:/winavr-20100110/bin/../lib/gcc/avr/4.3.3/../../../../avr/lib/avr5\libm.a(fp_arccos.o)
 .data          0x0080028c        0x0 c:/winavr-20100110/bin/../lib/gcc/avr/4.3.3/../../../../avr/lib/avr5\libm.a(fp_cmp.o)
 .data          0x0080028c        0x0 c:/winavr-20100110/bin/../lib/gcc/avr/4.3.3/../../../../avr/lib/avr5\libm.a(fp_inf.o)
 .data          0x0080028c        0x0 c:/winavr-20100110/bin/../lib/gcc/avr/4.3.3/../../../../avr/lib/avr5\libm.a(fp_nan.o)
 .data          0x0080028c        0x0 c:/winavr-20100110/bin/../lib/gcc/avr/4.3.3/../../../../avr/lib/avr5\libm.a(fp_powser.o)
 .data          0x0080028c        0x0 c:/winavr-20100110/bin/../lib/gcc/avr/4.3.3/../../../../avr/lib/avr5\libm.a(fp_pscA.o)
 .data          0x0080028c        0x0 c:/winavr-20100110/bin/../lib/gcc/avr/4.3.3/../../../../avr/lib/avr5\libm.a(fp_pscB.o)
 .data          0x0080028c        0x0 c:/winavr-20100110/bin/../lib/gcc/avr/4.3.3/../../../../avr/lib/avr5\libm.a(fp_round.o)
 .data          0x0080028c        0x0 c:/winavr-20100110/bin/../lib/gcc/avr/4.3.3/../../../../avr/lib/avr5\libm.a(fp_split3.o)
 .data          0x0080028c        0x0 c:/winavr-20100110/bin/../lib/gcc/avr/4.3.3/../../../../avr/lib/avr5\libm.a(fp_zero.o)
 .data          0x0080028c        0x0 c:/winavr-20100110/bin/../lib/gcc/avr/4.3.3/../../../../avr/lib/avr5\libm.a(gesf2.o)
 .data          0x0080028c        0x0 c:/winavr-20100110/bin/../lib/gcc/avr/4.3.3/../../../../avr/lib/avr5\libm.a(inverse.o)
 .data          0x0080028c        0x0 c:/winavr-20100110/bin/../lib/gcc/avr/4.3.3/../../../../avr/lib/avr5\libm.a(mulsf3.o)
 .data          0x0080028c        0x0 c:/winavr-20100110/bin/../lib/gcc/avr/4.3.3/../../../../avr/lib/avr5\libm.a(mulsf3x.o)
 .data          0x0080028c        0x0 c:/winavr-20100110/bin/../lib/gcc/avr/4.3.3/../../../../avr/lib/avr5\libm.a(pow.o)
 .data          0x0080028c        0x0 c:/winavr-20100110/bin/../lib/gcc/avr/4.3.3/../../../../avr/lib/avr5\libm.a(sqrt.o)
 .data          0x0080028c        0x0 c:/winavr-20100110/bin/../lib/gcc/avr/4.3.3/../../../../avr/lib/avr5\libm.a(square.o)
 .data          0x0080028c        0x0 c:/winavr-20100110/bin/../lib/gcc/avr/4.3.3/../../../../avr/lib/avr5\libm.a(exp.o)
 .data          0x0080028c        0x0 c:/winavr-20100110/bin/../lib/gcc/avr/4.3.3/../../../../avr/lib/avr5\libm.a(fp_mpack.o)
 .data          0x0080028c        0x0 c:/winavr-20100110/bin/../lib/gcc/avr/4.3.3/../../../../avr/lib/avr5\libm.a(fp_norm2.o)
 .data          0x0080028c        0x0 c:/winavr-20100110/bin/../lib/gcc/avr/4.3.3/../../../../avr/lib/avr5\libm.a(ldexp.o)
 .data          0x0080028c        0x0 c:/winavr-20100110/bin/../lib/gcc/avr/4.3.3/../../../../avr/lib/avr5\libm.a(log.o)
 .data          0x0080028c        0x0 c:/winavr-20100110/bin/../lib/gcc/avr/4.3.3/../../../../avr/lib/avr5\libm.a(modf.o)
 .data          0x0080028c        0x0 c:/winavr-20100110/bin/../lib/gcc/avr/4.3.3/avr5\libgcc.a(_udivmodsi4.o)
 .data          0x0080028c        0x0 c:/winavr-20100110/bin/../lib/gcc/avr/4.3.3/avr5\libgcc.a(_prologue.o)
 .data          0x0080028c        0x0 c:/winavr-20100110/bin/../lib/gcc/avr/4.3.3/avr5\libgcc.a(_epilogue.o)
 .data          0x0080028c        0x0 c:/winavr-20100110/bin/../lib/gcc/avr/4.3.3/avr5\libgcc.a(_exit.o)
 .data          0x0080028c        0x0 c:/winavr-20100110/bin/../lib/gcc/avr/4.3.3/avr5\libgcc.a(_copy_data.o)
 .data          0x0080028c        0x0 c:/winavr-20100110/bin/../lib/gcc/avr/4.3.3/avr5\libgcc.a(_clear_bss.o)
 .data          0x0080028c        0x0 c:/winavr-20100110/bin/../lib/gcc/avr/4.3.3/../../../../avr/lib/avr5\libc.a(ftoa_engine.o)
 .data          0x0080028c        0x0 c:/winavr-20100110/bin/../lib/gcc/avr/4.3.3/../../../../avr/lib/avr5\libc.a(strnlen_P.o)
 .data          0x0080028c        0x0 c:/winavr-20100110/bin/../lib/gcc/avr/4.3.3/../../../../avr/lib/avr5\libc.a(strnlen.o)
 .data          0x0080028c        0x0 c:/winavr-20100110/bin/../lib/gcc/avr/4.3.3/../../../../avr/lib/avr5\libc.a(fputc.o)
 .data          0x0080028c        0x0 c:/winavr-20100110/bin/../lib/gcc/avr/4.3.3/../../../../avr/lib/avr5\libc.a(iob.o)
 .data          0x0080028c        0x0 c:/winavr-20100110/bin/../lib/gcc/avr/4.3.3/../../../../avr/lib/avr5\libc.a(printf.o)
 .data          0x0080028c        0x0 c:/winavr-20100110/bin/../lib/gcc/avr/4.3.3/../../../../avr/lib/avr5\libc.a(sprintf.o)
 .data          0x0080028c        0x0 c:/winavr-20100110/bin/../lib/gcc/avr/4.3.3/../../../../avr/lib/avr5\libc.a(ultoa_invert.o)
 *(.data*)
 .data.vref     0x0080028c        0x4 ./Accel.o
                0x0080028c                vref
 .data.GfCnv    0x00800290        0x4 ./Accel.o
                0x00800290                GfCnv
 .data.Cnt2Mv   0x00800294        0x4 ./Accel.o
                0x00800294                Cnt2Mv
 .data.timerCountVal
                0x00800298        0x4 ./main.o
                0x00800298                timerCountVal
 .data.timerCountVal2
                0x0080029c        0x4 ./main.o
                0x0080029c                timerCountVal2
 .data.graspval
                0x008002a0        0x4 ./main.o
                0x008002a0                graspval
 .data.graspval2
                0x008002a4        0x4 ./main.o
                0x008002a4                graspval2
 .data.graspval3
                0x008002a8        0x4 ./main.o
                0x008002a8                graspval3
 .data.massval  0x008002ac        0x4 ./main.o
                0x008002ac                massval
 .data.maxCount
                0x008002b0        0x2 ./main.o
                0x008002b0                maxCount
 .data.potHZero
                0x008002b2        0x2 ./main.o
                0x008002b2                potHZero
 .data.potLZero
                0x008002b4        0x2 ./main.o
                0x008002b4                potLZero
 .data.buttonState
                0x008002b6        0x2 ./main.o
                0x008002b6                buttonState
 .data.ir1      0x008002b8        0x5 ./main.o
                0x008002b8                ir1
 .data.ir2      0x008002bd        0x5 ./main.o
                0x008002bd                ir2
 .data.offSetlow
                0x008002c2        0x2 ./main.o
                0x008002c2                offSetlow
 .data.adctoanglelow
                0x008002c4        0x4 ./main.o
                0x008002c4                adctoanglelow
 .data.offSethigh
                0x008002c8        0x2 ./main.o
                0x008002c8                offSethigh
 .data.adctoanglehigh
                0x008002ca        0x4 ./main.o
                0x008002ca                adctoanglehigh
 .data.high_treshold
                0x008002ce        0x4 ./main.o
                0x008002ce                high_treshold
 .data.low_treshold
                0x008002d2        0x4 ./main.o
                0x008002d2                low_treshold
 .data.treshold
                0x008002d6        0x4 ./main.o
                0x008002d6                treshold
 .data.treshold_distance
                0x008002da        0x2 ./main.o
                0x008002da                treshold_distance
 .data.RBEOut   0x008002dc        0xe C:\Users\Matias\Desktop\FinalWorkspace\rbe3001-team5\RBELib\Release\libRBELIb.a(Debug.o)
 *(.rodata)
 *(.rodata*)
 .rodata.C.1.1898
                0x008002ea        0x5 ./main.o
 .rodata.C.0.1897
                0x008002ef        0x5 ./main.o
 *(.gnu.linkonce.d*)
                0x008002f4                . = ALIGN (0x2)
                0x008002f4                _edata = .
                0x008002f4                PROVIDE (__data_end, .)

.bss            0x008002f4       0xb1
                0x008002f4                PROVIDE (__bss_start, .)
 *(.bss)
 .bss           0x008002f4        0x0 c:/winavr-20100110/bin/../lib/gcc/avr/4.3.3/../../../../avr/lib/avr5/crtm644p.o
 .bss           0x008002f4        0x0 c:/winavr-20100110/bin/../lib/gcc/avr/4.3.3/../../../../avr/lib/avr5\libprintf_flt.a(vfprintf_flt.o)
 .bss           0x008002f4        0x0 ./ADC.o
 .bss           0x008002f4        0x0 ./Accel.o
 .bss           0x008002f4        0x0 ./DAC.o
 .bss           0x008002f4        0x0 ./Encoder.o
 .bss           0x008002f4        0x0 ./IR.o
 .bss           0x008002f4        0x0 ./Kinematics.o
 .bss           0x008002f4        0x0 ./PID.o
 .bss           0x008002f4        0x0 ./SPI.o
 .bss           0x008002f4        0x0 ./USARTDebug.o
 .bss           0x008002f4        0x0 ./currentsense.o
 .bss           0x008002f4        0x0 ./main.o
 .bss           0x008002f4        0x0 ./motors.o
 .bss           0x008002f4        0x0 ./pot.o
 .bss           0x008002f4        0x0 ./potfunc.o
 .bss           0x008002f4        0x0 ./setServo.o
 .bss           0x008002f4        0x0 ./timer.o
 .bss           0x008002f4        0x0 C:\Users\Matias\Desktop\FinalWorkspace\rbe3001-team5\RBELib\Release\libRBELIb.a(SetServo.o)
 .bss           0x008002f4        0x0 C:\Users\Matias\Desktop\FinalWorkspace\rbe3001-team5\RBELib\Release\libRBELIb.a(Debug.o)
 .bss           0x008002f4        0x0 c:/winavr-20100110/bin/../lib/gcc/avr/4.3.3/../../../../avr/lib/avr5\libm.a(acos.o)
 .bss           0x008002f4        0x0 c:/winavr-20100110/bin/../lib/gcc/avr/4.3.3/../../../../avr/lib/avr5\libm.a(addsf3.o)
 .bss           0x008002f4        0x0 c:/winavr-20100110/bin/../lib/gcc/avr/4.3.3/../../../../avr/lib/avr5\libm.a(addsf3x.o)
 .bss           0x008002f4        0x0 c:/winavr-20100110/bin/../lib/gcc/avr/4.3.3/../../../../avr/lib/avr5\libm.a(atan2.o)
 .bss           0x008002f4        0x0 c:/winavr-20100110/bin/../lib/gcc/avr/4.3.3/../../../../avr/lib/avr5\libm.a(atan.o)
 .bss           0x008002f4        0x0 c:/winavr-20100110/bin/../lib/gcc/avr/4.3.3/../../../../avr/lib/avr5\libm.a(cmpsf2.o)
 .bss           0x008002f4        0x0 c:/winavr-20100110/bin/../lib/gcc/avr/4.3.3/../../../../avr/lib/avr5\libm.a(divsf3.o)
 .bss           0x008002f4        0x0 c:/winavr-20100110/bin/../lib/gcc/avr/4.3.3/../../../../avr/lib/avr5\libm.a(divsf3x.o)
 .bss           0x008002f4        0x0 c:/winavr-20100110/bin/../lib/gcc/avr/4.3.3/../../../../avr/lib/avr5\libm.a(fixsfsi.o)
 .bss           0x008002f4        0x0 c:/winavr-20100110/bin/../lib/gcc/avr/4.3.3/../../../../avr/lib/avr5\libm.a(fixunssfsi.o)
 .bss           0x008002f4        0x0 c:/winavr-20100110/bin/../lib/gcc/avr/4.3.3/../../../../avr/lib/avr5\libm.a(floatsisf.o)
 .bss           0x008002f4        0x0 c:/winavr-20100110/bin/../lib/gcc/avr/4.3.3/../../../../avr/lib/avr5\libm.a(fp_arccos.o)
 .bss           0x008002f4        0x0 c:/winavr-20100110/bin/../lib/gcc/avr/4.3.3/../../../../avr/lib/avr5\libm.a(fp_cmp.o)
 .bss           0x008002f4        0x0 c:/winavr-20100110/bin/../lib/gcc/avr/4.3.3/../../../../avr/lib/avr5\libm.a(fp_inf.o)
 .bss           0x008002f4        0x0 c:/winavr-20100110/bin/../lib/gcc/avr/4.3.3/../../../../avr/lib/avr5\libm.a(fp_nan.o)
 .bss           0x008002f4        0x0 c:/winavr-20100110/bin/../lib/gcc/avr/4.3.3/../../../../avr/lib/avr5\libm.a(fp_powser.o)
 .bss           0x008002f4        0x0 c:/winavr-20100110/bin/../lib/gcc/avr/4.3.3/../../../../avr/lib/avr5\libm.a(fp_pscA.o)
 .bss           0x008002f4        0x0 c:/winavr-20100110/bin/../lib/gcc/avr/4.3.3/../../../../avr/lib/avr5\libm.a(fp_pscB.o)
 .bss           0x008002f4        0x0 c:/winavr-20100110/bin/../lib/gcc/avr/4.3.3/../../../../avr/lib/avr5\libm.a(fp_round.o)
 .bss           0x008002f4        0x0 c:/winavr-20100110/bin/../lib/gcc/avr/4.3.3/../../../../avr/lib/avr5\libm.a(fp_split3.o)
 .bss           0x008002f4        0x0 c:/winavr-20100110/bin/../lib/gcc/avr/4.3.3/../../../../avr/lib/avr5\libm.a(fp_zero.o)
 .bss           0x008002f4        0x0 c:/winavr-20100110/bin/../lib/gcc/avr/4.3.3/../../../../avr/lib/avr5\libm.a(gesf2.o)
 .bss           0x008002f4        0x0 c:/winavr-20100110/bin/../lib/gcc/avr/4.3.3/../../../../avr/lib/avr5\libm.a(inverse.o)
 .bss           0x008002f4        0x0 c:/winavr-20100110/bin/../lib/gcc/avr/4.3.3/../../../../avr/lib/avr5\libm.a(mulsf3.o)
 .bss           0x008002f4        0x0 c:/winavr-20100110/bin/../lib/gcc/avr/4.3.3/../../../../avr/lib/avr5\libm.a(mulsf3x.o)
 .bss           0x008002f4        0x0 c:/winavr-20100110/bin/../lib/gcc/avr/4.3.3/../../../../avr/lib/avr5\libm.a(pow.o)
 .bss           0x008002f4        0x0 c:/winavr-20100110/bin/../lib/gcc/avr/4.3.3/../../../../avr/lib/avr5\libm.a(sqrt.o)
 .bss           0x008002f4        0x0 c:/winavr-20100110/bin/../lib/gcc/avr/4.3.3/../../../../avr/lib/avr5\libm.a(square.o)
 .bss           0x008002f4        0x0 c:/winavr-20100110/bin/../lib/gcc/avr/4.3.3/../../../../avr/lib/avr5\libm.a(exp.o)
 .bss           0x008002f4        0x0 c:/winavr-20100110/bin/../lib/gcc/avr/4.3.3/../../../../avr/lib/avr5\libm.a(fp_mpack.o)
 .bss           0x008002f4        0x0 c:/winavr-20100110/bin/../lib/gcc/avr/4.3.3/../../../../avr/lib/avr5\libm.a(fp_norm2.o)
 .bss           0x008002f4        0x0 c:/winavr-20100110/bin/../lib/gcc/avr/4.3.3/../../../../avr/lib/avr5\libm.a(ldexp.o)
 .bss           0x008002f4        0x0 c:/winavr-20100110/bin/../lib/gcc/avr/4.3.3/../../../../avr/lib/avr5\libm.a(log.o)
 .bss           0x008002f4        0x0 c:/winavr-20100110/bin/../lib/gcc/avr/4.3.3/../../../../avr/lib/avr5\libm.a(modf.o)
 .bss           0x008002f4        0x0 c:/winavr-20100110/bin/../lib/gcc/avr/4.3.3/avr5\libgcc.a(_udivmodsi4.o)
 .bss           0x008002f4        0x0 c:/winavr-20100110/bin/../lib/gcc/avr/4.3.3/avr5\libgcc.a(_prologue.o)
 .bss           0x008002f4        0x0 c:/winavr-20100110/bin/../lib/gcc/avr/4.3.3/avr5\libgcc.a(_epilogue.o)
 .bss           0x008002f4        0x0 c:/winavr-20100110/bin/../lib/gcc/avr/4.3.3/avr5\libgcc.a(_exit.o)
 .bss           0x008002f4        0x0 c:/winavr-20100110/bin/../lib/gcc/avr/4.3.3/avr5\libgcc.a(_copy_data.o)
 .bss           0x008002f4        0x0 c:/winavr-20100110/bin/../lib/gcc/avr/4.3.3/avr5\libgcc.a(_clear_bss.o)
 .bss           0x008002f4        0x0 c:/winavr-20100110/bin/../lib/gcc/avr/4.3.3/../../../../avr/lib/avr5\libc.a(ftoa_engine.o)
 .bss           0x008002f4        0x0 c:/winavr-20100110/bin/../lib/gcc/avr/4.3.3/../../../../avr/lib/avr5\libc.a(strnlen_P.o)
 .bss           0x008002f4        0x0 c:/winavr-20100110/bin/../lib/gcc/avr/4.3.3/../../../../avr/lib/avr5\libc.a(strnlen.o)
 .bss           0x008002f4        0x0 c:/winavr-20100110/bin/../lib/gcc/avr/4.3.3/../../../../avr/lib/avr5\libc.a(fputc.o)
 .bss           0x008002f4        0x0 c:/winavr-20100110/bin/../lib/gcc/avr/4.3.3/../../../../avr/lib/avr5\libc.a(iob.o)
 .bss           0x008002f4        0x0 c:/winavr-20100110/bin/../lib/gcc/avr/4.3.3/../../../../avr/lib/avr5\libc.a(printf.o)
 .bss           0x008002f4        0x0 c:/winavr-20100110/bin/../lib/gcc/avr/4.3.3/../../../../avr/lib/avr5\libc.a(sprintf.o)
 .bss           0x008002f4        0x0 c:/winavr-20100110/bin/../lib/gcc/avr/4.3.3/../../../../avr/lib/avr5\libc.a(ultoa_invert.o)
 *(.bss*)
 .bss.cnt0      0x008002f4        0x2 ./Encoder.o
                0x008002f4                cnt0
 .bss.cnt1      0x008002f6        0x2 ./Encoder.o
                0x008002f6                cnt1
 .bss.stop_flag
                0x008002f8        0x2 ./Encoder.o
                0x008002f8                stop_flag
 .bss.pidLastError_L
                0x008002fa        0x4 ./PID.o
                0x008002fa                pidLastError_L
 .bss.pidPrevLastError_L
                0x008002fe        0x4 ./PID.o
                0x008002fe                pidPrevLastError_L
 .bss.pidLastError_H
                0x00800302        0x4 ./PID.o
                0x00800302                pidLastError_H
 .bss.pidPrevLastError_H
                0x00800306        0x4 ./PID.o
                0x00800306                pidPrevLastError_H
 .bss.pidPrev_L
                0x0080030a        0x4 ./PID.o
                0x0080030a                pidPrev_L
 .bss.pidPrev_H
                0x0080030e        0x4 ./PID.o
                0x0080030e                pidPrev_H
 .bss.pidTd_H   0x00800312        0x4 ./PID.o
                0x00800312                pidTd_H
 .bss.pidTi_inv_H
                0x00800316        0x4 ./PID.o
                0x00800316                pidTi_inv_H
 .bss.pidTd_L   0x0080031a        0x4 ./PID.o
                0x0080031a                pidTd_L
 .bss.pidTi_inv_L
                0x0080031e        0x4 ./PID.o
                0x0080031e                pidTi_inv_L
 .bss.interruptToggle
                0x00800322        0x1 ./main.o
                0x00800322                interruptToggle
 .bss.armPos    0x00800323        0x1 ./main.o
                0x00800323                armPos
 .bss.systemTime
                0x00800324        0x4 ./main.o
                0x00800324                systemTime
 .bss.grasptime
                0x00800328        0x4 ./main.o
                0x00800328                grasptime
 .bss.grasptime2
                0x0080032c        0x4 ./main.o
                0x0080032c                grasptime2
 .bss.count     0x00800330        0x2 ./main.o
                0x00800330                count
 .bss.sample_flag
                0x00800332        0x2 ./main.o
                0x00800332                sample_flag
 .bss.WAIT_timer
                0x00800334        0x2 ./main.o
                0x00800334                WAIT_timer
 .bss.grasp_time
                0x00800336        0x2 ./main.o
                0x00800336                grasp_time
 .bss.GOGETIT   0x00800338        0x2 ./main.o
                0x00800338                GOGETIT
 .bss.GOGETIT2  0x0080033a        0x2 ./main.o
                0x0080033a                GOGETIT2
 .bss.GOGETIT3  0x0080033c        0x2 ./main.o
                0x0080033c                GOGETIT3
 .bss.MASSIT    0x0080033e        0x2 ./main.o
                0x0080033e                MASSIT
 .bss.count2    0x00800340        0x4 ./main.o
                0x00800340                count2
 .bss.hAngle    0x00800344        0x2 ./main.o
                0x00800344                hAngle
 .bss.lAngle    0x00800346        0x2 ./main.o
                0x00800346                lAngle
 .bss.lowADC    0x00800348        0x4 ./main.o
                0x00800348                lowADC
 .bss.highADC   0x0080034c        0x4 ./main.o
                0x0080034c                highADC
 .bss.pot1Ang   0x00800350        0x4 ./main.o
                0x00800350                pot1Ang
 .bss.mV        0x00800354        0x4 ./main.o
                0x00800354                mV
 .bss.current   0x00800358        0x4 ./main.o
                0x00800358                current
 .bss.distance  0x0080035c        0x2 ./main.o
                0x0080035c                distance
 .bss.grasp_flag
                0x0080035e        0x2 ./main.o
                0x0080035e                grasp_flag
 .bss.upperJoint
                0x00800360        0x6 ./potfunc.o
                0x00800360                upperJoint
 .bss.lowerJoint
                0x00800366        0x6 ./potfunc.o
                0x00800366                lowerJoint
 *(COMMON)
 COMMON         0x0080036c       0x18 ./PID.o
                0x0080036c                pidConsts
 COMMON         0x00800384       0x1b ./main.o
                0x00800384                lowSetP
                0x00800386                highSetP
                0x00800388                intTime
                0x0080038c                timerCounter
                0x00800390                inchar
                0x00800391                lowLinkErr
                0x00800395                potAngInt
                0x00800399                highLinkErr
                0x0080039d                distance2block
 COMMON         0x0080039f        0x6 c:/winavr-20100110/bin/../lib/gcc/avr/4.3.3/../../../../avr/lib/avr5\libc.a(iob.o)
                0x0080039f                __iob
                0x008003a5                PROVIDE (__bss_end, .)
                0x0000380e                __data_load_start = LOADADDR (.data)
                0x00003a02                __data_load_end = (__data_load_start + SIZEOF (.data))

.noinit         0x008003a5        0x0
                0x008003a5                PROVIDE (__noinit_start, .)
 *(.noinit*)
                0x008003a5                PROVIDE (__noinit_end, .)
                0x008003a5                _end = .
                0x008003a5                PROVIDE (__heap_start, .)

.eeprom         0x00810000        0x0
 *(.eeprom*)
                0x00810000                __eeprom_end = .

.fuse
 *(.fuse)
 *(.lfuse)
 *(.hfuse)
 *(.efuse)

.lock
 *(.lock*)

.signature
 *(.signature*)

.stab
 *(.stab)

.stabstr
 *(.stabstr)

.stab.excl
 *(.stab.excl)

.stab.exclstr
 *(.stab.exclstr)

.stab.index
 *(.stab.index)

.stab.indexstr
 *(.stab.indexstr)

.comment
 *(.comment)

.debug
 *(.debug)

.line
 *(.line)

.debug_srcinfo
 *(.debug_srcinfo)

.debug_sfnames
 *(.debug_sfnames)

.debug_aranges
 *(.debug_aranges)

.debug_pubnames
 *(.debug_pubnames)

.debug_info
 *(.debug_info)
 *(.gnu.linkonce.wi.*)

.debug_abbrev
 *(.debug_abbrev)

.debug_line
 *(.debug_line)

.debug_frame
 *(.debug_frame)

.debug_str
 *(.debug_str)

.debug_loc
 *(.debug_loc)

.debug_macinfo
 *(.debug_macinfo)
OUTPUT(LAB4.elf elf32-avr)
LOAD linker stubs
